// Jest Snapshot v1, https://goo.gl/fbAQLP

exports[`Hacker Table Renders 1`] = `
<table
  className="table"
/>
`;

exports[`Renders HackerTable 1`] = `undefined`;

exports[`Spinner Renders 1`] = `
<div
  className="spinner-border"
  role="status"
>
  <span
    className="sr-only"
  >
    Loading...
  </span>
</div>
`;
